src/pages/dashboard/Settings.tsx(659,72): error TS2345: Argument of type 'string' is not assignable to parameter of type 'VerificationBadge'.
src/pages/feed/TheHub.tsx(322,35): error TS2322: Type 'Dispatch<SetStateAction<"search" | "my-feed" | "explore">>' is not assignable to type '(value: string) => void'.
  Types of parameters 'value' and 'value' are incompatible.
    Type 'string' is not assignable to type 'SetStateAction<"search" | "my-feed" | "explore">'.
